// Jest Snapshot v1, https://goo.gl/fbAQLP

exports[`App should renders coreectly 1`] = `ShallowWrapper {}`;
