// Jest Snapshot v1, https://goo.gl/fbAQLP

exports[`Gift component renders coreectly 1`] = `ShallowWrapper {}`;
